Hi love,

Welcome to Aura ✨

We’re so happy you’re here.

Aura works best when you use it like a real support system, not just another app you scroll through once and forget about. So here’s a simple guide to help you begin.

We recommend starting like this:

• Open Miss Aura and start with whatever feels most emotionally present for you right now. Don’t worry about asking the “perfect” question.

• Use Aura in real moments. During overwhelm, emotional spirals, confusion, burnout, self-doubt, relationship stress, business stress, anxiety, or when you simply need grounding and clarity.

• Explore the different tools inside the platform slowly. Try the journaling prompts, EFT tapping, nervous system exercises, visualisations, regulation practices, and mindset rewiring tools based on what feels aligned to you that day.

• The more honestly and consistently you engage, the more personalised and supportive your experience becomes over time.

• You do not need to consume everything at once. This is a space you return to, not race through.

We’re building Aura very intentionally, and your feedback genuinely matters to us.

If you face any technical issues, login or payment concerns, confusion while using the platform, or if something doesn’t feel smooth, please reply to this email and our team will help you out.

And if there’s something you love, something you wish existed inside Aura, or a moment where the platform genuinely helped you, we would LOVE to hear from you too. Your feedback helps us make Aura better for every woman inside this space.

Thank you for being here.

With love,
Team Aura ✨




EMAIL 2: 
Subject: Start here: the first 5 things to do inside Aura

Hi love,

Welcome to Aura.

We’re so happy you’re here, and before you begin, we want to help you use the platform in a way that actually supports you instead of becoming another thing you forget about after two days.

Aura works best when you use it in real life moments. Not only when you feel calm, clear, spiritual, or perfectly put together.

Use it when you are overwhelmed, emotionally activated, overthinking, spiralling, doubting yourself, feeling blocked around money, confused in a relationship, struggling to receive, or trying to become a new version of yourself without forcing it from your mind.

Here’s the simplest way to begin:

* Open Miss Aura and write what is actually present for you right now. You do not need to sound polished or self-aware.

* Use journaling inside Aura when your mind feels full and you need to empty the emotional noise.

* Use EFT when you can feel a specific fear, belief, trigger, or body sensation coming up.

* Use the nervous system practices when you need to regulate before reacting, deciding, texting, over-explaining, or abandoning yourself.

* Use visualisations and manifestation tools when your body feels steady enough to practise holding a new identity.

* Explore the masterclasses and resources when you want deeper understanding, not just a quick reset.

A good first prompt to try with Miss Aura is:

“Right now, the main thing I’m feeling / struggling with / trying to understand is __________. I notice it most when __________. The emotion I keep coming back to is __________. I think the deeper fear underneath this might be __________, but I’m not fully sure. Help me understand what may be happening in my nervous system, what subconscious pattern may be active, and which Aura tool I should begin with today”

Then write honestly.

Your first 15 days inside Aura are complimentary, so use this time to explore what feels most supportive for you. Try the tools, test the practices, ask real questions, and notice what your nervous system responds to.

This is also how the deeper work begins. When your body starts experiencing emotional safety repeatedly, your brain slowly begins to form new associations. This is the foundation of neuroplasticity, self-concept work, and manifestation that does not feel forced from the mind.

If you face any technical issues, login concerns, payment confusion, or if something does not feel smooth, please reply to this email and our team will help you.

We would also genuinely love your feedback. If something inside Aura helps you, moves you, surprises you, or if there is something you wish existed, please tell us. Aura is being built very intentionally, and your experience matters deeply to us.

With love,
Team Aura




EMAIL 3: HOW TO USE AURA EFFECTIVELY

Subject: 11 things to ask Aura when your brain is doing too much

Hi love,

One of the easiest ways to use Aura is to stop waiting for the perfect question.

Most women think they need to arrive with clarity, but clarity usually comes after the nervous system feels supported enough to stop performing. When you are overwhelmed, your brain will try to solve everything by thinking harder, analysing more, replaying the same situation, or searching for certainty.

But your body often needs regulation before your mind can access perspective.

So when you open Aura and do not know where to begin, start with what feels most emotionally present.

You can ask Miss Aura:

* I feel anxious and I don’t know why. Help me understand what may be happening in my nervous system.

* I am overthinking something and I need to regulate before I react.

* I feel blocked around money. Help me find the subconscious belief underneath this.

* I feel unsafe being visible, successful, or fully seen.

* I keep sabotaging something I deeply want. Help me understand the emotional pattern.

* Create an EFT tapping script for the emotion I am feeling right now.

* Give me a journaling prompt for the pattern I keep repeating.

* Help me move from scarcity into a more regulated state of receiving.

* Guide me through a visualisation for the version of me I am becoming.

* Help me understand why I feel guilty when I rest or receive support.

* Help me regulate before I make a decision from fear.

Inside Aura, you can use:

* Miss Aura for personalised emotional, manifestation, and subconscious support

* Journaling for clarity, release, and pattern recognition

* EFT tapping for specific fears, beliefs, triggers, and emotional blocks

* Nervous system practices for regulation and grounding

* Visualisations for identity work, receiving, self-concept, and manifestation

* Masterclasses and resources that are updated frequently for deeper learning

A simple rhythm we recommend is this:

* Use Aura daily for one honest check-in.

* Use EFT when something feels charged in the body.

* Use journaling when your mind feels full.

* Use Miss Aura when you need personalised reflection.

* Use masterclasses when you want deeper education.

* Use visualisations when you want to practise becoming the version of you that already has the life you are calling in.

The goal is not to use everything at once. The goal is to build a relationship with your inner world where you know how to support yourself in the moments that usually pull you out of alignment.

This matters because your RAS, the part of your brain that filters what feels relevant, starts noticing new evidence when your nervous system can actually tolerate the new identity you are choosing. If your body still feels unsafe receiving, being seen, earning more, resting, or being loved well, your brain may keep filtering reality through old emotional patterns.

Aura helps you work with both.

The mind that wants more.

And the body that needs to feel safe enough to hold more.

If anything feels confusing while using Aura, please reply to this email. We are happy to guide you, and we would genuinely love to hear what is working, what feels supportive, and what you would like us to improve.

With love,
Team Aura





EMAIL 4: FOUNDER NOTE

Subject: 7 reasons manifestation feels hard even when you’re doing everything right

Hi love,

There is a pattern I kept seeing in ambitious, emotionally aware, intelligent women.

They were not lazy. They were not unmotivated. They were not lacking desire, discipline, vision, or self-awareness.

In fact, most of them were doing too much.

They were journaling, visualising, learning, healing, working, achieving, reflecting, holding their relationships together, trying to regulate, trying to manifest, trying to become magnetic, and still quietly wondering why certain patterns kept repeating.

This is one of the reasons Aura exists.

Because manifestation does not work deeply when the body still feels unsafe receiving what the mind says it wants.

Your nervous system responds to emotional memory, not just beautiful affirmations. If your body has learned that visibility brings judgment, money brings pressure, love brings disappointment, rest brings guilt, or success makes you unsafe, then a part of you may keep resisting the very life you are consciously calling in.

Here are a few reasons manifestation can feel hard even when you are doing the work:

* Your body may still associate receiving with responsibility, pressure, or loss of control.

* Your subconscious may be protecting you from visibility because being seen once felt unsafe.

* Your nervous system may be addicted to urgency because calm feels unfamiliar.

* Your identity may still be organised around proving, performing, or earning love.

* Your mind may want expansion, but your body may still be bracing for disappointment.

* You may be trying to manifest from scarcity instead of regulated desire.

* You may be consuming spiritual information without creating nervous system safety.

* Your self-concept may have changed mentally, but your body may not yet experience the new identity as emotionally safe.

* Your brain’s RAS may still be filtering for old evidence because the new reality has not become familiar enough in your system.

I wanted Aura to become a space where women could work with all of this in a way that feels intelligent, feminine, grounded, and deeply supportive.

A space where you can speak honestly to Miss Aura, use EFT when a belief feels charged, journal through the emotional pattern underneath your reaction, regulate your body before making decisions, practise visualisations from a safer internal state, and keep learning through masterclasses and resources that support your becoming.

This is where neuroscience, manifestation, and emotional regulation meet. Not as separate practices, but as one integrated way of becoming the woman who can hold what she is asking for.

Not because you are broken.

Because your patterns make sense when you understand what your system has been trying to protect.

Use Aura for the parts of you that feel powerful, and use it for the parts of you that feel embarrassed, jealous, tired, insecure, avoidant, ambitious, emotional, or afraid of wanting more.

The more truthfully you meet yourself, the more deeply this work can support you.

Regulate and become.

With love,
Sanaya




EMAIL 5: TRIAL ENDING EMAIL

Subject: The mistake most women make after their first nervous system shift

Hi love,

One of the biggest mistakes women make after experiencing a small emotional shift is assuming the work is complete.

You regulate once and feel lighter, so you think you are done. You journal once and feel clear, so you stop returning. You do one EFT practice and feel the charge reduce, so you forget that the body learns through repetition, not intensity.

The nervous system does not rewire because something helped once. It begins to change when safety becomes familiar enough to return to.

This is why consistency matters, but not in the rigid, productivity-obsessed way we are usually taught.

Consistency in inner work can look like:

* Checking in with yourself before you spiral

* Using EFT when a money fear or relationship trigger feels charged

* Journaling inside Aura when your thoughts feel tangled

* Asking Miss Aura to help you understand a repeating emotional pattern

* Using a regulation practice before making a decision from fear

* Watching a masterclass when you want deeper understanding

* Returning to visualisation when your body feels safe enough to hold a new identity

* Noticing when your dopamine system is craving urgency, scrolling, drama, or overstimulation instead of stillness

* Practising the same new emotional state often enough for your brain to register it as familiar

You do not need to use everything every day. You do not need to become the perfect healing girl. You do not need to turn your inner work into another performance.

You only need to return often enough for your body to learn that this new way of being is safe.

This is where neuroplasticity becomes practical. Your brain does not build new pathways through one powerful moment alone. It builds them through repeated emotional experiences, repeated regulation, repeated self-concept reinforcement, and repeated evidence that the new version of you is safe to become.

Your 15-day complimentary trial is coming to an end soon, and we wanted to remind you gently that Aura is designed to support you beyond the first moment of curiosity. This work becomes more powerful when you keep using it in real moments, especially when life gets emotional, layered, full, or uncomfortable.

After your trial ends, you can continue your access with:

* 3-month plan at ₹1,200 per month

* Yearly plan at ₹813 per month

Choose the rhythm that feels most supportive for the season you are in.

If you have any payment questions, plan confusion, technical issues, or if you are unsure what makes sense for you, please reply to this email. We will be happy to help.

And if Aura has supported you in any way during your trial, we would genuinely love to hear your feedback. Your experience helps us shape the platform with more care, depth, and intention.

With love,
Team Aura





EMAIL65: RE-ENGAGEMENT EMAIL

Subject: Try this 5-minute reset if you feel weirdly off today

Hi love,

Sometimes you do not feel completely broken, but you also do not feel like yourself.

You may feel slightly disconnected, emotionally heavy, irritated, foggy, uninspired, overstimulated, or quietly tired of carrying everything. Nothing dramatic has happened, but your body feels like it is holding more than your mind has admitted.

When this happens, the instinct is often to fix everything at once.

You want a new routine, a cleaner schedule, a better plan, a deeper manifestation practice, a life reset, a nervous system reset, a new identity, and preferably a completely different emotional state by Monday morning.

But disconnection does not always need dramatic reinvention.

Sometimes it needs one honest return.

Try this 5-minute reset today:

* Place one hand on your chest and one hand on your stomach.

* Take three slow breaths without trying to change anything.

* Ask yourself, “What am I carrying right now that I have not admitted to myself?”

* Let the answer be simple and honest.

* Open Aura and bring that exact sentence to Miss Aura.

You can write:

* Help me understand why I feel this way.

* Create an EFT tapping script for this emotion.

* Give me a journaling prompt to process this.

* Help me regulate before I react from this feeling.

* Show me what belief or pattern may be underneath this.

* Guide me into a calmer state before I make any decisions.

* Help me understand whether this is anxiety, overstimulation, emotional fatigue, or an old pattern being activated.

This is what Aura was built for.

Not only the days when you feel clear, inspired, magnetic, and connected, but also the days when your mind is noisy, your body feels heavy, and your inner world needs somewhere safe to land.

Sometimes the reason we avoid returning to ourselves is not laziness. It is nervous system avoidance. Stillness can feel uncomfortable when your body is used to stimulation, urgency, or emotional survival. Aura helps you come back gently, without making your healing feel like another demand.

If it has been a while since you last used Aura, come back gently today. No guilt, no pressure, no dramatic restart. Just one honest check-in with yourself.

And if there is a reason you stopped using it, whether it was a technical issue, lack of time, confusion, payment concern, or something that did not feel smooth, please reply to this email and tell us. Your feedback genuinely helps us improve Aura, and we are always listening.

With love,
Team Aura


Data classification needed for The Aura email flow
1. 15-day active users
People who are currently inside their free 15-day access.
Classify them as:
Signed up but not started
They created access but have not used anything yet.
Low engagement
Used The Aura 1-2 times only.
Medium engagement
Using it a few times in the 15 days.
High engagement
Using it almost daily or very regularly.
Daily active users
Users opening/using The Aura every day or nearly every day.

2. 15-day over users
People whose free access has just ended.
Classify them as:
Used it actively but did not subscribe
They saw value but haven’t paid yet.
Used it a little but dropped off
They tried it but didn’t build a habit.
Never really used it
They signed up but barely explored.
Ready-to-convert users
High engagement, many sessions, clicked pricing/payment, but did not purchase.

3. 2 weeks after 15-day over
People who are now 2 weeks past their free access ending.
Classify them as:
Still warm
They opened emails or clicked links after the trial ended.
Cold
No email opens, no clicks, no platform activity.
Reactivation potential
They had good usage during the 15 days but disappeared after.
Needs education
They didn’t use much, so emails should explain what The Aura actually does and why it helps.

Engagement classification
You can classify engagement like this:
Daily users
Used The Aura 10+ days out of 15.
High users
Used The Aura 6-9 days out of 15.
Medium users
Used The Aura 3-5 days out of 15.
Low users
Used The Aura 1-2 days out of 15.
Inactive users
Signed up but never used it.

Most important data to track
Email
Name
Trial start date
Trial end date
Number of days active
Number of logins / sessions
Last active date
Tools used
Miss Aura usage
Email opens
Email clicks
Subscription status
Payment link clicked or not

{
  "logged_at": "2026-06-23T11:53:32.077760",
  "level": "INFO",
  "message": "Lifecycle classification run complete",
  "function_name": "run_classification",
  "file_path": "C:\\Users\\prath\\Desktop\\decode\\clients\\sanaya\\aura_server\\app\\services\\segmentation\\classify.py",
  "line_number": 105,
  "classified": 23
}
**************

{
  "logged_at": "2026-06-23T11:54:33.398350",
  "level": "INFO",
  "message": "Lifecycle classification run complete",
  "function_name": "run_classification",
  "file_path": "C:\\Users\\prath\\Desktop\\decode\\clients\\sanaya\\aura_server\\app\\services\\segmentation\\classify.py",
  "line_number": 105,
  "classified": 23
}
**************

{
  "logged_at": "2026-06-23T11:54:59.040389",
  "level": "INFO",
  "message": "Lifecycle classification scheduler started",
  "function_name": "start_scheduler",
  "file_path": "C:\\Users\\prath\\Desktop\\decode\\clients\\sanaya\\aura_server\\app\\services\\segmentation\\scheduler.py",
  "line_number": 11
}
**************

{
  "logged_at": "2026-06-23T12:04:32.223354",
  "level": "INFO",
  "message": "Lifecycle classification run complete",
  "function_name": "run_classification",
  "file_path": "C:\\Users\\prath\\Desktop\\decode\\clients\\sanaya\\aura_server\\app\\services\\segmentation\\classify.py",
  "line_number": 125,
  "classified": 23
}
**************

{
  "logged_at": "2026-06-23T12:27:00.310233",
  "level": "INFO",
  "message": "Lifecycle classification run complete",
  "function_name": "run_classification",
  "file_path": "C:\\Users\\prath\\Desktop\\decode\\clients\\sanaya\\aura_server\\app\\services\\segmentation\\classify.py",
  "line_number": 104,
  "classified": 23
}
**************

{
  "logged_at": "2026-06-23T12:31:06.405095",
  "level": "INFO",
  "message": "Lifecycle classification run complete",
  "function_name": "run_classification",
  "file_path": "C:\\Users\\prath\\Desktop\\decode\\clients\\sanaya\\aura_server\\app\\services\\segmentation\\classify.py",
  "line_number": 104,
  "classified": 48
}
**************

{
  "logged_at": "2026-06-23T12:32:27.746161",
  "level": "INFO",
  "message": "Lifecycle classification run complete",
  "function_name": "run_classification",
  "file_path": "C:\\Users\\prath\\Desktop\\decode\\clients\\sanaya\\aura_server\\app\\services\\segmentation\\classify.py",
  "line_number": 110,
  "classified": 48
}
**************

{
  "logged_at": "2026-06-23T12:46:23.553095",
  "level": "INFO",
  "message": "Sending email via Brevo",
  "function_name": "send_email",
  "file_path": "C:\\Users\\prath\\Desktop\\decode\\clients\\sanaya\\aura_server\\app\\services\\brevo\\client.py",
  "line_number": 80,
  "to_email": "prachi4688@gmail.com",
  "subject": "Your free trial has ended \u2014 The Aura"
}
**************

{
  "logged_at": "2026-06-23T12:46:24.862955",
  "level": "ERROR",
  "message": "Failed to send email via Brevo",
  "function_name": "send_email",
  "file_path": "C:\\Users\\prath\\Desktop\\decode\\clients\\sanaya\\aura_server\\app\\services\\brevo\\client.py",
  "line_number": 98,
  "to_email": "prachi4688@gmail.com",
  "error": "headers: {'date': 'Tue, 23 Jun 2026 07:16:23 GMT', 'content-type': 'application/json', 'content-length': '260', 'connection': 'keep-alive', 'access-control-allow-credentials': 'true', 'sib-request-id': '25f64112-0c34-99c3-ad12-2e29f3b0a97d', 'access-control-allow-origin': '*', 'access-control-allow-headers': '*', 'access-control-allow-methods': 'PUT, POST, GET, DELETE, PATCH, OPTIONS', 'x-envoy-upstream-service-time': '9', 'server': 'cloudflare', 'cf-cache-status': 'DYNAMIC', 'cf-ray': 'a101b4fcdb56fc46-AMS'}, status_code: 401, body: {'message': 'We have detected you are using an unrecognised IP address 2401:4900:c095:b452:106f:bdb1:2ecd:8487. If you performed this action make sure to add the new IP address in this link: https://app.brevo.com/security/authorised_ips', 'code': 'unauthorized'}"
}
**************

{
  "logged_at": "2026-06-23T12:46:24.863965",
  "level": "ERROR",
  "message": "Failed to send trial ended email during access sync",
  "function_name": "sync_access_status",
  "file_path": "C:\\Users\\prath\\Desktop\\decode\\clients\\sanaya\\aura_server\\app\\services\\payment_gateway\\access_sync.py",
  "line_number": 63,
  "email": "prachi4688@gmail.com",
  "error": "500: Failed to send email: headers: {'date': 'Tue, 23 Jun 2026 07:16:23 GMT', 'content-type': 'application/json', 'content-length': '260', 'connection': 'keep-alive', 'access-control-allow-credentials': 'true', 'sib-request-id': '25f64112-0c34-99c3-ad12-2e29f3b0a97d', 'access-control-allow-origin': '*', 'access-control-allow-headers': '*', 'access-control-allow-methods': 'PUT, POST, GET, DELETE, PATCH, OPTIONS', 'x-envoy-upstream-service-time': '9', 'server': 'cloudflare', 'cf-cache-status': 'DYNAMIC', 'cf-ray': 'a101b4fcdb56fc46-AMS'}, status_code: 401, body: {'message': 'We have detected you are using an unrecognised IP address 2401:4900:c095:b452:106f:bdb1:2ecd:8487. If you performed this action make sure to add the new IP address in this link: https://app.brevo.com/security/authorised_ips', 'code': 'unauthorized'}"
}
**************

{
  "logged_at": "2026-06-23T12:46:24.863965",
  "level": "INFO",
  "message": "Access status sync complete",
  "function_name": "sync_access_status",
  "file_path": "C:\\Users\\prath\\Desktop\\decode\\clients\\sanaya\\aura_server\\app\\services\\payment_gateway\\access_sync.py",
  "line_number": 65,
  "updated": 1
}
**************

{
  "logged_at": "2026-06-23T12:55:16.606690",
  "level": "INFO",
  "message": "Access status sync complete",
  "function_name": "sync_access_status",
  "file_path": "C:\\Users\\prath\\Desktop\\decode\\clients\\sanaya\\aura_server\\app\\services\\payment_gateway\\access_sync.py",
  "line_number": 77,
  "updated": 1
}
**************

{
  "logged_at": "2026-06-23T13:00:29.242357",
  "level": "INFO",
  "message": "Fetching subscription from Razorpay",
  "function_name": "fetch_subscription",
  "file_path": "C:\\Users\\prath\\Desktop\\decode\\clients\\sanaya\\aura_server\\app\\services\\payment_gateway\\client.py",
  "line_number": 32,
  "subscription_id": "sub_SWEkwaQY06mHTe"
}
**************

{
  "logged_at": "2026-06-23T13:00:30.926885",
  "level": "INFO",
  "message": "Subscription fetched",
  "function_name": "fetch_subscription",
  "file_path": "C:\\Users\\prath\\Desktop\\decode\\clients\\sanaya\\aura_server\\app\\services\\payment_gateway\\client.py",
  "line_number": 34,
  "subscription_id": "sub_SWEkwaQY06mHTe",
  "status": "expired"
}
**************

{
  "logged_at": "2026-06-23T13:00:30.984474",
  "level": "INFO",
  "message": "Reconciled subscription_status from Razorpay",
  "function_name": "reconcile_pending_subscriptions",
  "file_path": "C:\\Users\\prath\\Desktop\\decode\\clients\\sanaya\\aura_server\\app\\services\\payment_gateway\\subscription_reconcile.py",
  "line_number": 38,
  "email": "fizaarora1482@gmail.com",
  "sub_id": "sub_SWEkwaQY06mHTe",
  "status": "expired"
}
**************

{
  "logged_at": "2026-06-23T13:00:30.985492",
  "level": "INFO",
  "message": "Fetching subscription from Razorpay",
  "function_name": "fetch_subscription",
  "file_path": "C:\\Users\\prath\\Desktop\\decode\\clients\\sanaya\\aura_server\\app\\services\\payment_gateway\\client.py",
  "line_number": 32,
  "subscription_id": "sub_Sos8i2FwJyiSKQ"
}
**************

{
  "logged_at": "2026-06-23T13:00:31.123426",
  "level": "INFO",
  "message": "Subscription fetched",
  "function_name": "fetch_subscription",
  "file_path": "C:\\Users\\prath\\Desktop\\decode\\clients\\sanaya\\aura_server\\app\\services\\payment_gateway\\client.py",
  "line_number": 34,
  "subscription_id": "sub_Sos8i2FwJyiSKQ",
  "status": "expired"
}
**************

{
  "logged_at": "2026-06-23T13:00:31.172646",
  "level": "INFO",
  "message": "Reconciled subscription_status from Razorpay",
  "function_name": "reconcile_pending_subscriptions",
  "file_path": "C:\\Users\\prath\\Desktop\\decode\\clients\\sanaya\\aura_server\\app\\services\\payment_gateway\\subscription_reconcile.py",
  "line_number": 38,
  "email": "contactnavyagupta@gmail.com",
  "sub_id": "sub_Sos8i2FwJyiSKQ",
  "status": "expired"
}
**************

{
  "logged_at": "2026-06-23T13:00:31.172646",
  "level": "INFO",
  "message": "Fetching subscription from Razorpay",
  "function_name": "fetch_subscription",
  "file_path": "C:\\Users\\prath\\Desktop\\decode\\clients\\sanaya\\aura_server\\app\\services\\payment_gateway\\client.py",
  "line_number": 32,
  "subscription_id": "sub_SYSySJ3MqO7nAk"
}
**************

{
  "logged_at": "2026-06-23T13:00:31.304104",
  "level": "INFO",
  "message": "Subscription fetched",
  "function_name": "fetch_subscription",
  "file_path": "C:\\Users\\prath\\Desktop\\decode\\clients\\sanaya\\aura_server\\app\\services\\payment_gateway\\client.py",
  "line_number": 34,
  "subscription_id": "sub_SYSySJ3MqO7nAk",
  "status": "expired"
}
**************

{
  "logged_at": "2026-06-23T13:00:31.355623",
  "level": "INFO",
  "message": "Reconciled subscription_status from Razorpay",
  "function_name": "reconcile_pending_subscriptions",
  "file_path": "C:\\Users\\prath\\Desktop\\decode\\clients\\sanaya\\aura_server\\app\\services\\payment_gateway\\subscription_reconcile.py",
  "line_number": 38,
  "email": "mayursakhare@gmail.com",
  "sub_id": "sub_SYSySJ3MqO7nAk",
  "status": "expired"
}
**************

{
  "logged_at": "2026-06-23T13:00:31.356629",
  "level": "INFO",
  "message": "Fetching subscription from Razorpay",
  "function_name": "fetch_subscription",
  "file_path": "C:\\Users\\prath\\Desktop\\decode\\clients\\sanaya\\aura_server\\app\\services\\payment_gateway\\client.py",
  "line_number": 32,
  "subscription_id": "sub_SZpeXge6VOvBjn"
}
**************

{
  "logged_at": "2026-06-23T13:00:31.497331",
  "level": "INFO",
  "message": "Subscription fetched",
  "function_name": "fetch_subscription",
  "file_path": "C:\\Users\\prath\\Desktop\\decode\\clients\\sanaya\\aura_server\\app\\services\\payment_gateway\\client.py",
  "line_number": 34,
  "subscription_id": "sub_SZpeXge6VOvBjn",
  "status": "expired"
}
**************

{
  "logged_at": "2026-06-23T13:00:31.544722",
  "level": "INFO",
  "message": "Reconciled subscription_status from Razorpay",
  "function_name": "reconcile_pending_subscriptions",
  "file_path": "C:\\Users\\prath\\Desktop\\decode\\clients\\sanaya\\aura_server\\app\\services\\payment_gateway\\subscription_reconcile.py",
  "line_number": 38,
  "email": "om@omdhumatkar.com",
  "sub_id": "sub_SZpeXge6VOvBjn",
  "status": "expired"
}
**************

{
  "logged_at": "2026-06-23T13:00:31.545721",
  "level": "INFO",
  "message": "Fetching subscription from Razorpay",
  "function_name": "fetch_subscription",
  "file_path": "C:\\Users\\prath\\Desktop\\decode\\clients\\sanaya\\aura_server\\app\\services\\payment_gateway\\client.py",
  "line_number": 32,
  "subscription_id": "sub_SdHdClXerWxqLE"
}
**************

{
  "logged_at": "2026-06-23T13:00:31.955097",
  "level": "INFO",
  "message": "Subscription fetched",
  "function_name": "fetch_subscription",
  "file_path": "C:\\Users\\prath\\Desktop\\decode\\clients\\sanaya\\aura_server\\app\\services\\payment_gateway\\client.py",
  "line_number": 34,
  "subscription_id": "sub_SdHdClXerWxqLE",
  "status": "expired"
}
**************

{
  "logged_at": "2026-06-23T13:00:31.994958",
  "level": "INFO",
  "message": "Reconciled subscription_status from Razorpay",
  "function_name": "reconcile_pending_subscriptions",
  "file_path": "C:\\Users\\prath\\Desktop\\decode\\clients\\sanaya\\aura_server\\app\\services\\payment_gateway\\subscription_reconcile.py",
  "line_number": 38,
  "email": "connect@sanjeetray.com",
  "sub_id": "sub_SdHdClXerWxqLE",
  "status": "expired"
}
**************

{
  "logged_at": "2026-06-23T13:00:31.995818",
  "level": "INFO",
  "message": "Fetching subscription from Razorpay",
  "function_name": "fetch_subscription",
  "file_path": "C:\\Users\\prath\\Desktop\\decode\\clients\\sanaya\\aura_server\\app\\services\\payment_gateway\\client.py",
  "line_number": 32,
  "subscription_id": "sub_Sdhe0ThlE8LUkD"
}
**************

{
  "logged_at": "2026-06-23T13:00:32.120119",
  "level": "INFO",
  "message": "Subscription fetched",
  "function_name": "fetch_subscription",
  "file_path": "C:\\Users\\prath\\Desktop\\decode\\clients\\sanaya\\aura_server\\app\\services\\payment_gateway\\client.py",
  "line_number": 34,
  "subscription_id": "sub_Sdhe0ThlE8LUkD",
  "status": "expired"
}
**************

{
  "logged_at": "2026-06-23T13:00:32.175739",
  "level": "INFO",
  "message": "Reconciled subscription_status from Razorpay",
  "function_name": "reconcile_pending_subscriptions",
  "file_path": "C:\\Users\\prath\\Desktop\\decode\\clients\\sanaya\\aura_server\\app\\services\\payment_gateway\\subscription_reconcile.py",
  "line_number": 38,
  "email": "aashnagurav@yahoo.com",
  "sub_id": "sub_Sdhe0ThlE8LUkD",
  "status": "expired"
}
**************

{
  "logged_at": "2026-06-23T13:00:32.175739",
  "level": "INFO",
  "message": "Fetching subscription from Razorpay",
  "function_name": "fetch_subscription",
  "file_path": "C:\\Users\\prath\\Desktop\\decode\\clients\\sanaya\\aura_server\\app\\services\\payment_gateway\\client.py",
  "line_number": 32,
  "subscription_id": "sub_SheaTWIj315tF8"
}
**************

{
  "logged_at": "2026-06-23T13:00:32.324310",
  "level": "INFO",
  "message": "Subscription fetched",
  "function_name": "fetch_subscription",
  "file_path": "C:\\Users\\prath\\Desktop\\decode\\clients\\sanaya\\aura_server\\app\\services\\payment_gateway\\client.py",
  "line_number": 34,
  "subscription_id": "sub_SheaTWIj315tF8",
  "status": "expired"
}
**************

{
  "logged_at": "2026-06-23T13:00:32.372807",
  "level": "INFO",
  "message": "Reconciled subscription_status from Razorpay",
  "function_name": "reconcile_pending_subscriptions",
  "file_path": "C:\\Users\\prath\\Desktop\\decode\\clients\\sanaya\\aura_server\\app\\services\\payment_gateway\\subscription_reconcile.py",
  "line_number": 38,
  "email": "sakshiberi2108@gmail.com",
  "sub_id": "sub_SheaTWIj315tF8",
  "status": "expired"
}
**************

{
  "logged_at": "2026-06-23T13:00:32.372807",
  "level": "INFO",
  "message": "Fetching subscription from Razorpay",
  "function_name": "fetch_subscription",
  "file_path": "C:\\Users\\prath\\Desktop\\decode\\clients\\sanaya\\aura_server\\app\\services\\payment_gateway\\client.py",
  "line_number": 32,
  "subscription_id": "sub_Si0aaAZIMrNl0N"
}
**************

{
  "logged_at": "2026-06-23T13:00:32.516285",
  "level": "INFO",
  "message": "Subscription fetched",
  "function_name": "fetch_subscription",
  "file_path": "C:\\Users\\prath\\Desktop\\decode\\clients\\sanaya\\aura_server\\app\\services\\payment_gateway\\client.py",
  "line_number": 34,
  "subscription_id": "sub_Si0aaAZIMrNl0N",
  "status": "expired"
}
**************

{
  "logged_at": "2026-06-23T13:00:32.556196",
  "level": "INFO",
  "message": "Reconciled subscription_status from Razorpay",
  "function_name": "reconcile_pending_subscriptions",
  "file_path": "C:\\Users\\prath\\Desktop\\decode\\clients\\sanaya\\aura_server\\app\\services\\payment_gateway\\subscription_reconcile.py",
  "line_number": 38,
  "email": "social.sakshipandit@gmail.com",
  "sub_id": "sub_Si0aaAZIMrNl0N",
  "status": "expired"
}
**************

{
  "logged_at": "2026-06-23T13:00:32.557639",
  "level": "INFO",
  "message": "Fetching subscription from Razorpay",
  "function_name": "fetch_subscription",
  "file_path": "C:\\Users\\prath\\Desktop\\decode\\clients\\sanaya\\aura_server\\app\\services\\payment_gateway\\client.py",
  "line_number": 32,
  "subscription_id": "sub_SiwUjlm2Z9CTF6"
}
**************

{
  "logged_at": "2026-06-23T13:00:32.722070",
  "level": "INFO",
  "message": "Subscription fetched",
  "function_name": "fetch_subscription",
  "file_path": "C:\\Users\\prath\\Desktop\\decode\\clients\\sanaya\\aura_server\\app\\services\\payment_gateway\\client.py",
  "line_number": 34,
  "subscription_id": "sub_SiwUjlm2Z9CTF6",
  "status": "expired"
}
**************

{
  "logged_at": "2026-06-23T13:00:32.773213",
  "level": "INFO",
  "message": "Reconciled subscription_status from Razorpay",
  "function_name": "reconcile_pending_subscriptions",
  "file_path": "C:\\Users\\prath\\Desktop\\decode\\clients\\sanaya\\aura_server\\app\\services\\payment_gateway\\subscription_reconcile.py",
  "line_number": 38,
  "email": "chandan@gmail.com",
  "sub_id": "sub_SiwUjlm2Z9CTF6",
  "status": "expired"
}
**************

{
  "logged_at": "2026-06-23T13:00:32.774201",
  "level": "INFO",
  "message": "Fetching subscription from Razorpay",
  "function_name": "fetch_subscription",
  "file_path": "C:\\Users\\prath\\Desktop\\decode\\clients\\sanaya\\aura_server\\app\\services\\payment_gateway\\client.py",
  "line_number": 32,
  "subscription_id": "sub_SqQ8t0TEzQkPVL"
}
**************

{
  "logged_at": "2026-06-23T13:00:32.917378",
  "level": "INFO",
  "message": "Subscription fetched",
  "function_name": "fetch_subscription",
  "file_path": "C:\\Users\\prath\\Desktop\\decode\\clients\\sanaya\\aura_server\\app\\services\\payment_gateway\\client.py",
  "line_number": 34,
  "subscription_id": "sub_SqQ8t0TEzQkPVL",
  "status": "expired"
}
**************

{
  "logged_at": "2026-06-23T13:00:32.994805",
  "level": "INFO",
  "message": "Reconciled subscription_status from Razorpay",
  "function_name": "reconcile_pending_subscriptions",
  "file_path": "C:\\Users\\prath\\Desktop\\decode\\clients\\sanaya\\aura_server\\app\\services\\payment_gateway\\subscription_reconcile.py",
  "line_number": 38,
  "email": "divyasahu.0814@gmail.com",
  "sub_id": "sub_SqQ8t0TEzQkPVL",
  "status": "expired"
}
**************

{
  "logged_at": "2026-06-23T13:00:32.994805",
  "level": "INFO",
  "message": "Fetching subscription from Razorpay",
  "function_name": "fetch_subscription",
  "file_path": "C:\\Users\\prath\\Desktop\\decode\\clients\\sanaya\\aura_server\\app\\services\\payment_gateway\\client.py",
  "line_number": 32,
  "subscription_id": "sub_SwGgW4iPAis41x"
}
**************

{
  "logged_at": "2026-06-23T13:00:33.115161",
  "level": "INFO",
  "message": "Subscription fetched",
  "function_name": "fetch_subscription",
  "file_path": "C:\\Users\\prath\\Desktop\\decode\\clients\\sanaya\\aura_server\\app\\services\\payment_gateway\\client.py",
  "line_number": 34,
  "subscription_id": "sub_SwGgW4iPAis41x",
  "status": "expired"
}
**************

{
  "logged_at": "2026-06-23T13:00:33.158090",
  "level": "INFO",
  "message": "Reconciled subscription_status from Razorpay",
  "function_name": "reconcile_pending_subscriptions",
  "file_path": "C:\\Users\\prath\\Desktop\\decode\\clients\\sanaya\\aura_server\\app\\services\\payment_gateway\\subscription_reconcile.py",
  "line_number": 38,
  "email": "mayurtesting@gmail.com",
  "sub_id": "sub_SwGgW4iPAis41x",
  "status": "expired"
}
**************

{
  "logged_at": "2026-06-23T13:00:33.158090",
  "level": "INFO",
  "message": "Fetching subscription from Razorpay",
  "function_name": "fetch_subscription",
  "file_path": "C:\\Users\\prath\\Desktop\\decode\\clients\\sanaya\\aura_server\\app\\services\\payment_gateway\\client.py",
  "line_number": 32,
  "subscription_id": "sub_SxXFhz3yj28rHI"
}
**************

{
  "logged_at": "2026-06-23T13:00:33.286210",
  "level": "INFO",
  "message": "Subscription fetched",
  "function_name": "fetch_subscription",
  "file_path": "C:\\Users\\prath\\Desktop\\decode\\clients\\sanaya\\aura_server\\app\\services\\payment_gateway\\client.py",
  "line_number": 34,
  "subscription_id": "sub_SxXFhz3yj28rHI",
  "status": "expired"
}
**************

{
  "logged_at": "2026-06-23T13:00:33.333469",
  "level": "INFO",
  "message": "Reconciled subscription_status from Razorpay",
  "function_name": "reconcile_pending_subscriptions",
  "file_path": "C:\\Users\\prath\\Desktop\\decode\\clients\\sanaya\\aura_server\\app\\services\\payment_gateway\\subscription_reconcile.py",
  "line_number": 38,
  "email": "123test@gmail.com",
  "sub_id": "sub_SxXFhz3yj28rHI",
  "status": "expired"
}
**************

{
  "logged_at": "2026-06-23T13:00:33.333469",
  "level": "INFO",
  "message": "Subscription reconciliation complete",
  "function_name": "reconcile_pending_subscriptions",
  "file_path": "C:\\Users\\prath\\Desktop\\decode\\clients\\sanaya\\aura_server\\app\\services\\payment_gateway\\subscription_reconcile.py",
  "line_number": 40,
  "reconciled": 12
}
**************

{
  "logged_at": "2026-06-23T13:03:48.550163",
  "level": "INFO",
  "message": "Sending email via Brevo",
  "function_name": "send_email",
  "file_path": "C:\\Users\\prath\\Desktop\\decode\\clients\\sanaya\\aura_server\\app\\services\\brevo\\client.py",
  "line_number": 80,
  "to_email": "aashnagurav@yahoo.com",
  "subject": "Your free trial has ended \u2014 The Aura"
}
**************

{
  "logged_at": "2026-06-23T13:03:50.060385",
  "level": "ERROR",
  "message": "Failed to send email via Brevo",
  "function_name": "send_email",
  "file_path": "C:\\Users\\prath\\Desktop\\decode\\clients\\sanaya\\aura_server\\app\\services\\brevo\\client.py",
  "line_number": 98,
  "to_email": "aashnagurav@yahoo.com",
  "error": "headers: {'date': 'Tue, 23 Jun 2026 07:33:48 GMT', 'content-type': 'application/json', 'content-length': '260', 'connection': 'keep-alive', 'access-control-allow-credentials': 'true', 'sib-request-id': 'a13b23cb-345c-983f-b17c-fff931e56ad9', 'access-control-allow-origin': '*', 'access-control-allow-headers': '*', 'access-control-allow-methods': 'PUT, POST, GET, DELETE, PATCH, OPTIONS', 'x-envoy-upstream-service-time': '12', 'server': 'cloudflare', 'cf-cache-status': 'DYNAMIC', 'cf-ray': 'a101ce80ab0bf5f2-AMS'}, status_code: 401, body: {'message': 'We have detected you are using an unrecognised IP address 2401:4900:c095:b452:106f:bdb1:2ecd:8487. If you performed this action make sure to add the new IP address in this link: https://app.brevo.com/security/authorised_ips', 'code': 'unauthorized'}"
}
**************

{
  "logged_at": "2026-06-23T13:03:50.061544",
  "level": "ERROR",
  "message": "Failed to send trial ended email during access sync",
  "function_name": "sync_access_status",
  "file_path": "C:\\Users\\prath\\Desktop\\decode\\clients\\sanaya\\aura_server\\app\\services\\payment_gateway\\access_sync.py",
  "line_number": 77,
  "email": "aashnagurav@yahoo.com",
  "error": "500: Failed to send email: headers: {'date': 'Tue, 23 Jun 2026 07:33:48 GMT', 'content-type': 'application/json', 'content-length': '260', 'connection': 'keep-alive', 'access-control-allow-credentials': 'true', 'sib-request-id': 'a13b23cb-345c-983f-b17c-fff931e56ad9', 'access-control-allow-origin': '*', 'access-control-allow-headers': '*', 'access-control-allow-methods': 'PUT, POST, GET, DELETE, PATCH, OPTIONS', 'x-envoy-upstream-service-time': '12', 'server': 'cloudflare', 'cf-cache-status': 'DYNAMIC', 'cf-ray': 'a101ce80ab0bf5f2-AMS'}, status_code: 401, body: {'message': 'We have detected you are using an unrecognised IP address 2401:4900:c095:b452:106f:bdb1:2ecd:8487. If you performed this action make sure to add the new IP address in this link: https://app.brevo.com/security/authorised_ips', 'code': 'unauthorized'}"
}
**************

{
  "logged_at": "2026-06-23T13:03:50.108873",
  "level": "INFO",
  "message": "Sending email via Brevo",
  "function_name": "send_email",
  "file_path": "C:\\Users\\prath\\Desktop\\decode\\clients\\sanaya\\aura_server\\app\\services\\brevo\\client.py",
  "line_number": 80,
  "to_email": "divyasahu.0814@gmail.com",
  "subject": "Your free trial has ended \u2014 The Aura"
}
**************

{
  "logged_at": "2026-06-23T13:03:50.413910",
  "level": "ERROR",
  "message": "Failed to send email via Brevo",
  "function_name": "send_email",
  "file_path": "C:\\Users\\prath\\Desktop\\decode\\clients\\sanaya\\aura_server\\app\\services\\brevo\\client.py",
  "line_number": 98,
  "to_email": "divyasahu.0814@gmail.com",
  "error": "headers: {'date': 'Tue, 23 Jun 2026 07:33:48 GMT', 'content-type': 'application/json', 'content-length': '260', 'connection': 'keep-alive', 'access-control-allow-credentials': 'true', 'sib-request-id': '0b38a883-2c62-937e-baf5-9eb7936becdc', 'access-control-allow-origin': '*', 'access-control-allow-headers': '*', 'access-control-allow-methods': 'PUT, POST, GET, DELETE, PATCH, OPTIONS', 'x-envoy-upstream-service-time': '11', 'server': 'cloudflare', 'cf-cache-status': 'DYNAMIC', 'cf-ray': 'a101ce83db51f5f2-AMS'}, status_code: 401, body: {'message': 'We have detected you are using an unrecognised IP address 2401:4900:c095:b452:106f:bdb1:2ecd:8487. If you performed this action make sure to add the new IP address in this link: https://app.brevo.com/security/authorised_ips', 'code': 'unauthorized'}"
}
**************

{
  "logged_at": "2026-06-23T13:03:50.414908",
  "level": "ERROR",
  "message": "Failed to send trial ended email during access sync",
  "function_name": "sync_access_status",
  "file_path": "C:\\Users\\prath\\Desktop\\decode\\clients\\sanaya\\aura_server\\app\\services\\payment_gateway\\access_sync.py",
  "line_number": 77,
  "email": "divyasahu.0814@gmail.com",
  "error": "500: Failed to send email: headers: {'date': 'Tue, 23 Jun 2026 07:33:48 GMT', 'content-type': 'application/json', 'content-length': '260', 'connection': 'keep-alive', 'access-control-allow-credentials': 'true', 'sib-request-id': '0b38a883-2c62-937e-baf5-9eb7936becdc', 'access-control-allow-origin': '*', 'access-control-allow-headers': '*', 'access-control-allow-methods': 'PUT, POST, GET, DELETE, PATCH, OPTIONS', 'x-envoy-upstream-service-time': '11', 'server': 'cloudflare', 'cf-cache-status': 'DYNAMIC', 'cf-ray': 'a101ce83db51f5f2-AMS'}, status_code: 401, body: {'message': 'We have detected you are using an unrecognised IP address 2401:4900:c095:b452:106f:bdb1:2ecd:8487. If you performed this action make sure to add the new IP address in this link: https://app.brevo.com/security/authorised_ips', 'code': 'unauthorized'}"
}
**************

{
  "logged_at": "2026-06-23T13:03:50.414908",
  "level": "INFO",
  "message": "Access status sync complete",
  "function_name": "sync_access_status",
  "file_path": "C:\\Users\\prath\\Desktop\\decode\\clients\\sanaya\\aura_server\\app\\services\\payment_gateway\\access_sync.py",
  "line_number": 79,
  "updated": 2
}
**************

{
  "logged_at": "2026-06-23T13:04:39.134459",
  "level": "INFO",
  "message": "Access status sync complete",
  "function_name": "sync_access_status",
  "file_path": "C:\\Users\\prath\\Desktop\\decode\\clients\\sanaya\\aura_server\\app\\services\\payment_gateway\\access_sync.py",
  "line_number": 81,
  "updated": 0
}
**************

{
  "logged_at": "2026-06-23T13:05:09.459894",
  "level": "INFO",
  "message": "Lifecycle classification run complete",
  "function_name": "run_classification",
  "file_path": "C:\\Users\\prath\\Desktop\\decode\\clients\\sanaya\\aura_server\\app\\services\\segmentation\\classify.py",
  "line_number": 110,
  "classified": 48
}
**************

